[jesus.gallery/everest/img/favicon.ico]
[backblue.gif]
[fade.gif]
[index.html]
[jesus.gallery/everest/img/logo.png]
[jesus.gallery/everest/img/user1.jpg]
[jesus.gallery/everest/img/user2.jpg]
[jesus.gallery/everest/img/user3.jpg]
[jesus.gallery/everest/img/user4.jpg]
[jesus.gallery/everest/img/user5.jpg]
[jesus.gallery/everest/img/user6.jpg]
[jesus.gallery/everest/img/user7.jpg]
[jesus.gallery/everest/img/user8.jpg]
[jesus.gallery/everest/img/user9.jpg]
[jesus.gallery/everest/js/jquery.js]
[jesus.gallery/everest/js/jquery-ui-v1.10.3.js]
[jesus.gallery/everest/js/bootstrap.min.js]
[jesus.gallery/everest/js/sparkline.js]
[jesus.gallery/everest/js/scrollup/jquery.scrollUp.js]
[jesus.gallery/everest/js/alertify/alertify.js]
[jesus.gallery/everest/js/alertify/alertify-custom.js]
[jesus.gallery/everest/js/flot/jquery.flot.js]
[jesus.gallery/everest/js/flot/jquery.flot.tooltip.min.js]
[jesus.gallery/everest/js/flot/jquery.flot.resize.min.js]
[jesus.gallery/everest/js/flot/jquery.flot.stack.min.js]
[jesus.gallery/everest/js/flot/jquery.flot.orderBar.min.js]
[jesus.gallery/everest/js/flot/jquery.flot.pie.min.js]
[jesus.gallery/everest/js/jvectormap/jquery-jvectormap-1.2.2.min.js]
[jesus.gallery/everest/js/jvectormap/jquery-jvectormap-usa.js]
[jesus.gallery/everest/js/custom.js]
[jesus.gallery/everest/js/custom-index.js]
[jesus.gallery/everest/index.html]
[jesus.gallery/everest/fonts/glyphicons-halflings-regular.eot]
[jesus.gallery/everest/fonts/glyphicons-halflings-regulard41d.eot]
[jesus.gallery/everest/fonts/glyphicons-halflings-regular.woff]
[jesus.gallery/everest/fonts/glyphicons-halflings-regular.ttf]
[jesus.gallery/everest/css/bootstrap.css]
[jesus.gallery/everest/css/animate.css]
[jesus.gallery/everest/css/alertify/alertify.core.css]
[jesus.gallery/everest/css/alertify/alertify.default.css]
[jesus.gallery/everest/img/icon_plus.png]
[jesus.gallery/everest/img/icon_minus.png]
[jesus.gallery/everest/img/profile-bg.jpg]
[jesus.gallery/everest/img/user1.png]
[jesus.gallery/everest/img/sorting.png]
[jesus.gallery/everest/img/sorting_asc.png]
[jesus.gallery/everest/img/sorting_desc.png]
[jesus.gallery/everest/css/main.css]
[jesus.gallery/everest/css/images/ui-bg_glass_95_fef1ec_1x400.png]
[jesus.gallery/everest/css/images/ui-icons_222222_256x240.png]
[jesus.gallery/everest/css/images/ui-icons_454545_256x240.png]
[jesus.gallery/everest/css/images/ui-icons_888888_256x240.png]
[jesus.gallery/everest/css/images/ui-icons_2e83ff_256x240.png]
[jesus.gallery/everest/css/images/ui-icons_cd0a0a_256x240.png]
[jesus.gallery/everest/css/images/ui-bg_flat_0_aaaaaa_40x100.png]
[jesus.gallery/everest/css/datepicker.css]
[jesus.gallery/everest/fonts/fontawesome-webfont862f.eot]
[jesus.gallery/everest/fonts/fontawesome-webfontd41d.eot]
[jesus.gallery/everest/fonts/fontawesome-webfont862f.woff]
[jesus.gallery/everest/fonts/fontawesome-webfont862f.ttf]
[jesus.gallery/everest/fonts/font-awesome.min.css]
[jesus.gallery/everest/profile.html]
[jesus.gallery/everest/js/google-grid/modernizr.custom.js]
[jesus.gallery/everest/js/google-grid/imagesloaded.pkgd.min.js]
[jesus.gallery/everest/js/google-grid/masonry.pkgd.min.js]
[jesus.gallery/everest/js/google-grid/classie.js]
[jesus.gallery/everest/js/google-grid/gridGallery.js]
[jesus.gallery/everest/gallery.html]
[jesus.gallery/everest/timeline.html]
[jesus.gallery/everest/js/flot/custom/line.js]
[jesus.gallery/everest/js/flot/custom/area.js]
[jesus.gallery/everest/js/flot/custom/combine-chart.js]
[jesus.gallery/everest/js/flot/custom/combine-chart-compare.js]
[jesus.gallery/everest/js/flot/custom/stacked-area.js]
[jesus.gallery/everest/js/flot/custom/vertical.js]
[jesus.gallery/everest/js/flot/custom/horizontal.js]
[jesus.gallery/everest/js/flot/custom/stacked-vertical.js]
[jesus.gallery/everest/js/flot/custom/stacked-horizontal.js]
[jesus.gallery/everest/js/flot/custom/rectangular-pie.js]
[jesus.gallery/everest/js/flot/custom/realtime.js]
[jesus.gallery/everest/js/flot/custom/pie.js]
[jesus.gallery/everest/js/flot/custom/donut.js]
[jesus.gallery/everest/js/flot/custom/scatter.js]
[jesus.gallery/everest/graphs.html]
[jesus.gallery/everest/js/summernote/summernote.js]
[jesus.gallery/everest/editor.html]
[jesus.gallery/everest/img/profile-bg3.jpg]
[jesus.gallery/everest/img/profile-bg2.jpg]
[jesus.gallery/everest/img/profile-bg4.jpg]
[jesus.gallery/everest/img/user10.jpg]
[jesus.gallery/everest/blog.html]
[jesus.gallery/everest/login.html]
[jesus.gallery/everest/img/logo2.png]
[jesus.gallery/everest/invoice.html]
[jesus.gallery/everest/js/bootstrap-slider.js]
[jesus.gallery/everest/js/custom-components.js]
[jesus.gallery/everest/components.html]
[jesus.gallery/everest/js/jquery.ui.js]
[jesus.gallery/everest/js/calendar/fullcalendar.min.js]
[jesus.gallery/everest/js/calendar/fullcalendar.js]
[jesus.gallery/everest/calendar.html]
[jesus.gallery/everest/js/maps/maps.js]
[jesus.gallery/everest/js/maps/custom-maps.js]
[jesus.gallery/everest/maps.html]
[jesus.gallery/everest/pricing.html]
[jesus.gallery/everest/error.html]
[jesus.gallery/everest/basic-template.html]
[jesus.gallery/everest/buttons.html]
[jesus.gallery/everest/panels.html]
[jesus.gallery/everest/icons.html]
[jesus.gallery/everest/grid.html]
[jesus.gallery/everest/notifications.html]
[jesus.gallery/everest/form-elements.html]
[jesus.gallery/everest/js/bsvalidator/bootstrapValidator.js]
[jesus.gallery/everest/js/custom-forms.js]
[jesus.gallery/everest/form-layouts.html]
[jesus.gallery/everest/js/custom-tables.js]
[jesus.gallery/everest/tables.html]
[jesus.gallery/everest/js/jquery.datatables.js]
[jesus.gallery/everest/js/custom-datatables.js]
[jesus.gallery/everest/datatables.html]
[jesus.gallery/everest/fonts/glyphicons-halflings-regular.svg]
[jesus.gallery/everest/fonts/fontawesome-webfont862f.svg]
[jesus.gallery/everest/typography.html]
[jesus.gallery/everest/css/google-grid.css]
[jesus.gallery/everest/css/summernote.css]
[jesus.gallery/everest/img/login-body-bg.jpg]
[jesus.gallery/everest/css/login.css]
[jesus.gallery/everest/css/slider.css]
[jesus.gallery/everest/css/fullcalendar.css]
[jesus.gallery/everest/img/cream_dust.png]
[jesus.gallery/everest/css/error.css]
[jesus.gallery/everest/.html]
